
> react-kavia@0.1.0 start
> cross-env EDIT_MODE=true webpack serve --config .ve/webpack.config.js --mode development

<i> [webpack-dev-server] Project is running at:
<i> [webpack-dev-server] Loopback: http://localhost:3000/, http://[::1]:3000/
<i> [webpack-dev-server] On Your Network (IPv4): http://172.17.0.2:3000/
<i> [webpack-dev-server] Content not from webpack is served from './public' directory
Injecting EditorRootWrapper import: ../.ve/EditorRootWrapper
asset bundle.js 1.39 MiB [emitted] (name: main)
asset index.html 1.98 KiB [emitted]
runtime modules 27.5 KiB 14 modules
modules by path ./node_modules/ 1.24 MiB 31 modules
modules by path ./src/ 10.2 KiB
  modules by path ./src/*.css 7.49 KiB 4 modules
  modules by path ./src/*.js 2.76 KiB
    ./src/index.js 530 bytes [built] [code generated]
    ./src/App.js 2.24 KiB [built] [code generated]
modules by path ./.ve/ 15.1 KiB
  modules by path ./.ve/*.js 10.6 KiB 2 modules
  modules by path ./.ve/*.css 2.93 KiB
    ./.ve/EditorOverlay.css 2.25 KiB [built] [code generated]
    ./node_modules/css-loader/dist/cjs.js!./.ve/EditorOverlay.css 697 bytes [built] [code generated]
  ./.ve/EditorOverlay.jsx 1.58 KiB [built] [code generated]
webpack 5.99.9 compiled successfully in 1714 ms
assets by status 1.98 KiB [cached] 1 asset
assets by path *.js 1.45 MiB
  asset bundle.js 1.42 MiB [emitted] (name: main)
  asset main.6f7d0be58066280c0155.hot-update.js 32.6 KiB [emitted] [immutable] [hmr] (name: main)
asset main.6f7d0be58066280c0155.hot-update.json 28 bytes [emitted] [immutable] [hmr]
Entrypoint main 1.45 MiB = bundle.js 1.42 MiB main.6f7d0be58066280c0155.hot-update.js 32.6 KiB
cached modules 1.26 MiB [cached] 41 modules
runtime modules 27.5 KiB 14 modules
./src/App.js 23.6 KiB [built] [code generated]
webpack 5.99.9 compiled successfully in 205 ms
assets by status 1.98 KiB [cached] 1 asset
assets by path *.js 1.42 MiB
  asset bundle.js 1.42 MiB [emitted] (name: main)
  asset main.e37f8f93535d5360355c.hot-update.js 4.75 KiB [emitted] [immutable] [hmr] (name: main)
asset main.e37f8f93535d5360355c.hot-update.json 28 bytes [emitted] [immutable] [hmr]
Entrypoint main 1.42 MiB = bundle.js 1.42 MiB main.e37f8f93535d5360355c.hot-update.js 4.75 KiB
cached modules 1.28 MiB [cached] 41 modules
runtime modules 27.5 KiB 14 modules
./node_modules/css-loader/dist/cjs.js!./src/App.css 2.28 KiB [built] [code generated]
webpack 5.99.9 compiled successfully in 50 ms
assets by status 1.98 KiB [cached] 1 asset
assets by path *.js 1.42 MiB
  asset bundle.js 1.42 MiB [emitted] (name: main)
  asset main.3163c695a469230b548a.hot-update.js 4.77 KiB [emitted] [immutable] [hmr] (name: main)
asset main.3163c695a469230b548a.hot-update.json 28 bytes [emitted] [immutable] [hmr]
Entrypoint main 1.42 MiB = bundle.js 1.42 MiB main.3163c695a469230b548a.hot-update.js 4.77 KiB
cached modules 1.28 MiB [cached] 41 modules
runtime modules 27.5 KiB 14 modules
./node_modules/css-loader/dist/cjs.js!./src/App.css 2.3 KiB [built] [code generated]
webpack 5.99.9 compiled successfully in 37 ms
assets by status 1.98 KiB [cached] 1 asset
assets by path *.js 1.42 MiB
  asset bundle.js 1.42 MiB [emitted] (name: main)
  asset main.6bde577e466b74782dc2.hot-update.js 4.68 KiB [emitted] [immutable] [hmr] (name: main)
asset main.6bde577e466b74782dc2.hot-update.json 28 bytes [emitted] [immutable] [hmr]
Entrypoint main 1.42 MiB = bundle.js 1.42 MiB main.6bde577e466b74782dc2.hot-update.js 4.68 KiB
cached modules 1.28 MiB [cached] 41 modules
runtime modules 27.5 KiB 14 modules
./node_modules/css-loader/dist/cjs.js!./src/App.css 2.22 KiB [built] [code generated]
webpack 5.99.9 compiled successfully in 30 ms
assets by status 1.98 KiB [cached] 1 asset
assets by path *.js 1.43 MiB
  asset bundle.js 1.42 MiB [emitted] (name: main)
  asset main.f1da7dc3d39d6e85ade3.hot-update.js 7.18 KiB [emitted] [immutable] [hmr] (name: main)
asset main.f1da7dc3d39d6e85ade3.hot-update.json 28 bytes [emitted] [immutable] [hmr]
Entrypoint main 1.43 MiB = bundle.js 1.42 MiB main.f1da7dc3d39d6e85ade3.hot-update.js 7.18 KiB
cached modules 1.28 MiB [cached] 41 modules
runtime modules 27.5 KiB 14 modules
./node_modules/css-loader/dist/cjs.js!./src/App.css 4.58 KiB [built] [code generated]
webpack 5.99.9 compiled successfully in 47 ms
assets by status 1.98 KiB [cached] 1 asset
assets by path *.js 29.1 MiB
  asset bundle.js 15.3 MiB [emitted] (name: main)
  asset main.33b55ea67aefa9119ad6.hot-update.js 13.9 MiB [emitted] [immutable] [hmr] (name: main)
asset main.33b55ea67aefa9119ad6.hot-update.json 28 bytes [emitted] [immutable] [hmr]
Entrypoint main 29.1 MiB = bundle.js 15.3 MiB main.33b55ea67aefa9119ad6.hot-update.js 13.9 MiB
cached modules 1.28 MiB [cached] 41 modules
runtime modules 27.5 KiB 14 modules
./node_modules/css-loader/dist/cjs.js!./src/App.css 13.2 MiB [built] [code generated]
webpack 5.99.9 compiled successfully in 6333 ms
assets by status 15.3 MiB [cached] 2 assets
cached modules 1.28 MiB (javascript) 27.5 KiB (runtime) [cached] 55 modules
./node_modules/css-loader/dist/cjs.js!./src/App.css 13.2 MiB [built]
webpack 5.99.9 compiled successfully in 6030 ms
